Remote currently has 15 artists and 1 songs.
[1/43] skip with you
[2/43] Sparo ug Toxic uploading 2.42 MB
[2/43] Sparo ug Toxic restored as remote song 2
[3/43] am the one uploading 4.51 MB
[3/43] am the one restored as remote song 3
[4/43] Any one uploading 3.08 MB
[4/43] Any one restored as remote song 5
[5/43] wrong places  uploading 3.12 MB
[5/43] wrong places  restored as remote song 6
[6/43] Rush uploading 3.31 MB
[6/43] Rush restored as remote song 7
[7/43] Teenage forever uploading 3.39 MB
[7/43] Teenage forever restored as remote song 8
[8/43] They dont  uploading 4.38 MB
[8/43] They dont  restored as remote song 9
[9/43] Guns in the air uploading 1.79 MB
[9/43] Guns in the air restored as remote song 10
[10/43] Jesus is Taking care of me uploading 3.44 MB
[10/43] Jesus is Taking care of me restored as remote song 11
[11/43] You alone uploading 5.79 MB
[11/43] You alone restored as remote song 12
[12/43] Champion - sparo ug uploading 2.42 MB
[12/43] Champion - sparo ug restored as remote song 13
[13/43] Trumpet uploading 2.79 MB
[13/43] Trumpet restored as remote song 14
[14/43] Cheer leader uploading 3.15 MB
[14/43] Cheer leader restored as remote song 15
[15/43] Reason uploading 2.04 MB
[15/43] Reason restored as remote song 16
[16/43] Sugar coconut uploading 3.91 MB
[16/43] Sugar coconut restored as remote song 17
[17/43] I am a mess uploading 2.49 MB
[17/43] I am a mess restored as remote song 18
[18/43] Understand uploading 2.89 MB
[18/43] Understand restored as remote song 19
[19/43] Holly Ghost uploading 2.96 MB
[19/43] Holly Ghost restored as remote song 20
[20/43] Kaba uploading 3.23 MB
[20/43] Kaba restored as remote song 21
[21/43] lonely uploading 3.15 MB
[21/43] lonely restored as remote song 22
[22/43] Daily bundle  uploading 2.69 MB
[22/43] Daily bundle  restored as remote song 23
[23/43] Never say never uploading 3.55 MB
[23/43] Never say never restored as remote song 24
[24/43] all over you uploading 2.40 MB
[24/43] all over you restored as remote song 25
[25/43] Minister of enjoyment uploading 2.71 MB
[25/43] Minister of enjoyment restored as remote song 26
[26/43] SMA uploading 4.70 MB
[26/43] SMA restored as remote song 27
[27/43] Not like us  uploading 4.22 MB
[27/43] Not like us  restored as remote song 28
[28/43] Go go uploading 2.88 MB
[28/43] Go go restored as remote song 29
[29/43] Where you are uploading 2.92 MB
[29/43] Where you are restored as remote song 30
[30/43] Big baller uploading 2.55 MB
[30/43] Big baller restored as remote song 31
[31/43] As long as you love me uploading 2.94 MB
[31/43] As long as you love me restored as remote song 32
[32/43] Bad influence uploading 2.18 MB
[32/43] Bad influence restored as remote song 33
[33/43] Hotline uploading 4.38 MB
[33/43] Hotline restored as remote song 34
[34/43] take care uploading 4.06 MB
[34/43] take care restored as remote song 35
[35/43] Toosie slide uploading 4.88 MB
[35/43] Toosie slide restored as remote song 36
[36/43] jimmy uploading 12.02 MB
[36/43] jimmy restored as remote song 37
[37/43] Organise  uploading 1.91 MB
[37/43] Organise  restored as remote song 38
[38/43] Take all the praise uploading 6.05 MB
[38/43] Take all the praise restored as remote song 39
[39/43] invicible  uploading 5.80 MB
[39/43] invicible  restored as remote song 40
[40/43] Consuming fire uploading 5.95 MB
[40/43] Consuming fire restored as remote song 41
[41/43] Indomitable worrior uploading 5.81 MB
[41/43] Indomitable worrior restored as remote song 42
[42/43] Finally Finally uploading 4.18 MB
[42/43] Finally Finally restored as remote song 43
[43/43] Gods plan uploading 5.75 MB
[43/43] Gods plan restored as remote song 44
{
  "failedSongs": [],
  "publicSongs": 44,
  "remoteBaseUrl": "https://teso-music-app.onrender.com",
  "restored": 42,
  "skipped": 1
}
