Watching for file changes with StatReloader
[11/Jun/2026 08:32:57] "GET /api/songs/ HTTP/1.1" 200 42592
[11/Jun/2026 08:32:57,844] - Broken pipe from ('192.168.1.8', 65292)
[11/Jun/2026 08:32:59] "GET /api/songs/ HTTP/1.1" 200 42588
[11/Jun/2026 08:32:59,712] - Broken pipe from ('127.0.0.1', 65296)
[11/Jun/2026 08:35:31] "GET /admin/ HTTP/1.1" 302 0
[11/Jun/2026 08:35:31] "GET /admin/login/?next=/admin/ HTTP/1.1" 200 4177
[11/Jun/2026 08:35:31,686] - Broken pipe from ('192.168.1.8', 61255)
[11/Jun/2026 08:35:54] "GET /admin/ HTTP/1.1" 302 0
[11/Jun/2026 08:35:55] "GET /admin/login/?next=/admin/ HTTP/1.1" 200 4177
[11/Jun/2026 08:35:55] "GET /static/admin/css/login.css HTTP/1.1" 200 951
[11/Jun/2026 08:35:55] "GET /static/admin/css/base.css HTTP/1.1" 200 22120
[11/Jun/2026 08:35:55] "GET /static/admin/css/nav_sidebar.css HTTP/1.1" 200 2810
[11/Jun/2026 08:35:55] "GET /static/admin/css/dark_mode.css HTTP/1.1" 200 2808
[11/Jun/2026 08:35:55] "GET /static/admin/css/responsive.css HTTP/1.1" 200 16565
[11/Jun/2026 08:35:55] "GET /static/admin/js/theme.js HTTP/1.1" 200 1653
[11/Jun/2026 08:35:55] "GET /static/admin/js/nav_sidebar.js HTTP/1.1" 200 3063
Not Found: /favicon.ico
[11/Jun/2026 08:35:55] "GET /favicon.ico HTTP/1.1" 404 2538
[11/Jun/2026 08:36:38] "POST /admin/login/?next=/admin/ HTTP/1.1" 200 4345
[11/Jun/2026 08:37:59] "GET /admin/ HTTP/1.1" 302 0
[11/Jun/2026 08:37:59] "GET /admin/login/?next=/admin/ HTTP/1.1" 200 4177
[11/Jun/2026 08:38:20] "POST /admin/login/?next=/admin/ HTTP/1.1" 200 4345
[11/Jun/2026 08:39:52] "POST /admin/login/?next=/admin/ HTTP/1.1" 200 4345
[11/Jun/2026 08:40:43] "GET /admin/ HTTP/1.1" 302 0
[11/Jun/2026 08:40:43] "GET /admin/login/?next=/admin/ HTTP/1.1" 200 4177
[11/Jun/2026 08:41:19] "POST /admin/login/?next=/admin/ HTTP/1.1" 302 0
[11/Jun/2026 08:41:19] "GET /admin/ HTTP/1.1" 200 9331
[11/Jun/2026 08:41:19] "GET /static/admin/css/dashboard.css HTTP/1.1" 200 441
[11/Jun/2026 08:41:19] "GET /static/admin/img/icon-addlink.svg HTTP/1.1" 200 331
[11/Jun/2026 08:41:19] "GET /static/admin/img/icon-changelink.svg HTTP/1.1" 200 380
[11/Jun/2026 08:41:43] "GET /admin/music/song/ HTTP/1.1" 200 55363
[11/Jun/2026 08:41:43] "GET /static/admin/css/changelists.css HTTP/1.1" 200 6878
[11/Jun/2026 08:41:43] "GET /static/admin/css/forms.css HTTP/1.1" 200 8525
[11/Jun/2026 08:41:43] "GET /static/admin/js/jquery.init.js HTTP/1.1" 200 347
[11/Jun/2026 08:41:43] "GET /static/admin/css/widgets.css HTTP/1.1" 200 11973
[11/Jun/2026 08:41:43] "GET /admin/jsi18n/ HTTP/1.1" 200 3342
[11/Jun/2026 08:41:43] "GET /static/admin/js/actions.js HTTP/1.1" 200 8076
[11/Jun/2026 08:41:43] "GET /static/admin/js/admin/RelatedObjectLookups.js HTTP/1.1" 200 9777
[11/Jun/2026 08:41:43] "GET /static/admin/js/urlify.js HTTP/1.1" 200 7887
[11/Jun/2026 08:41:43] "GET /static/admin/img/icon-no.svg HTTP/1.1" 200 560
[11/Jun/2026 08:41:43] "GET /static/admin/js/prepopulate.js HTTP/1.1" 200 1531
[11/Jun/2026 08:41:43] "GET /static/admin/img/search.svg HTTP/1.1" 200 458
[11/Jun/2026 08:41:43] "GET /static/admin/js/core.js HTTP/1.1" 200 6208
[11/Jun/2026 08:41:43] "GET /static/admin/js/vendor/jquery/jquery.js HTTP/1.1" 200 285314
[11/Jun/2026 08:41:43] "GET /static/admin/js/filters.js HTTP/1.1" 200 978
[11/Jun/2026 08:41:43] "GET /static/admin/img/icon-yes.svg HTTP/1.1" 200 436
[11/Jun/2026 08:41:43] "GET /static/admin/js/vendor/xregexp/xregexp.js HTTP/1.1" 200 325171
[11/Jun/2026 08:41:43] "GET /static/admin/img/tooltag-add.svg HTTP/1.1" 200 331
[11/Jun/2026 08:41:43] "GET /static/admin/img/sorting-icons.svg HTTP/1.1" 200 1097
[11/Jun/2026 08:41:43] "GET /static/admin/img/icon-viewlink.svg HTTP/1.1" 200 581
[11/Jun/2026 08:42:00] "GET /admin/music/ HTTP/1.1" 200 7241
[11/Jun/2026 09:45:20] "GET /api/songs/ HTTP/1.1" 200 42592
[11/Jun/2026 09:45:20,684] - Broken pipe from ('192.168.1.8', 49252)
[11/Jun/2026 09:58:38] "GET /api/artists/ HTTP/1.1" 200 5526
[11/Jun/2026 09:58:38,981] - Broken pipe from ('192.168.1.8', 58398)
[11/Jun/2026 10:02:33] "GET /api/featured-songs/ HTTP/1.1" 200 6982
[11/Jun/2026 10:02:33] "GET /api/featured-artists/ HTTP/1.1" 200 2584
[11/Jun/2026 10:02:33] "GET /api/artists/ HTTP/1.1" 200 5526
[11/Jun/2026 10:02:33] "GET /api/songs/ HTTP/1.1" 200 42592
[11/Jun/2026 10:02:35] "GET /media/songs/covers/file_00000000a6a07246a11a889c23ddf19d.png HTTP/1.1" 200 1888010
[11/Jun/2026 10:02:47] "POST /api/artists/1/follow/ HTTP/1.1" 200 36
[11/Jun/2026 10:02:52] "POST /api/artists/2/follow/ HTTP/1.1" 200 36
[11/Jun/2026 10:03:21] "GET /api/artists/ HTTP/1.1" 200 5526
[11/Jun/2026 10:03:31] "GET /api/songs/ HTTP/1.1" 200 42592
[11/Jun/2026 10:03:35] "GET /media/songs/audio/Sparo_UG_-_Toxic__Official_Lyric_Video__508-507-2209.mp3 HTTP/1.1" 200 2539410
[11/Jun/2026 10:03:44] "GET /media/songs/audio/Sparo_UG_-_Toxic__Official_Lyric_Video__508-507-2209.mp3 HTTP/1.1" 200 2539410
[11/Jun/2026 10:05:34] "GET /api/songs/ HTTP/1.1" 200 42592
[11/Jun/2026 10:14:00] "GET /media/songs/audio/Sparo_UG_-_Toxic__Official_Lyric_Video__508-507-2209.mp3 HTTP/1.1" 200 2539410
[11/Jun/2026 10:56:56] "GET /api/featured-songs/ HTTP/1.1" 200 6982
[11/Jun/2026 10:56:56] "GET /api/featured-artists/ HTTP/1.1" 200 2584
[11/Jun/2026 10:56:56] "GET /api/artists/ HTTP/1.1" 200 5526
[11/Jun/2026 10:56:56] "GET /api/songs/ HTTP/1.1" 200 42592
[11/Jun/2026 10:56:59] "GET /api/songs/ HTTP/1.1" 200 42592
[11/Jun/2026 10:56:59,664] - Broken pipe from ('192.168.1.8', 55640)
[11/Jun/2026 10:57:38] "GET /api/artists/ HTTP/1.1" 200 5526
[11/Jun/2026 10:57:39] "GET /api/songs/ HTTP/1.1" 200 42592
[11/Jun/2026 10:57:44] "GET /media/songs/audio/Sparo_UG_-_Toxic__Official_Lyric_Video__508-507-2209.mp3 HTTP/1.1" 200 2539410
[11/Jun/2026 10:58:05] "GET /media/songs/audio/Sparo_UG_-_Toxic__Official_Lyric_Video__508-507-2209.mp3 HTTP/1.1" 200 2539410
[11/Jun/2026 10:58:21] "GET /media/songs/audio/Sparo_UG_-_Toxic__Official_Lyric_Video__508-507-2209.mp3 HTTP/1.1" 200 2539410
[11/Jun/2026 10:59:30] "GET /media/songs/audio/Sparo_UG_-_Toxic__Official_Lyric_Video__508-507-2209.mp3 HTTP/1.1" 200 2539410
[11/Jun/2026 11:01:20] "GET /media/songs/audio/Sparo_UG_-_Toxic__Official_Lyric_Video__508-507-2209.mp3 HTTP/1.1" 200 2539410
[11/Jun/2026 11:01:24] "GET /media/songs/audio/Sparo_UG_-_Toxic__Official_Lyric_Video__508-507-2209.mp3 HTTP/1.1" 200 2539410
[11/Jun/2026 11:01:27] "GET /media/songs/audio/Sparo_UG_-_Toxic__Official_Lyric_Video__508-507-2209.mp3 HTTP/1.1" 200 2539410
[11/Jun/2026 11:01:34] "GET /media/songs/audio/Sparo_UG_-_Toxic__Official_Lyric_Video__508-507-2209.mp3 HTTP/1.1" 200 2539410
[11/Jun/2026 11:01:38] "GET /media/songs/audio/Sparo_UG_-_Toxic__Official_Lyric_Video__508-507-2209.mp3 HTTP/1.1" 200 2539410
[11/Jun/2026 11:02:27] "GET /api/featured-songs/ HTTP/1.1" 200 6982
[11/Jun/2026 11:02:27] "GET /api/featured-artists/ HTTP/1.1" 200 2584
[11/Jun/2026 11:02:27] "GET /api/artists/ HTTP/1.1" 200 5526
[11/Jun/2026 11:02:27] "GET /api/songs/ HTTP/1.1" 200 42592
[11/Jun/2026 11:02:33] "GET /api/songs/ HTTP/1.1" 200 42592
[11/Jun/2026 11:02:36] "GET /media/songs/audio/Sparo_UG_-_Toxic__Official_Lyric_Video__508-507-2209.mp3 HTTP/1.1" 200 2539410
[11/Jun/2026 11:02:41] "GET /media/songs/audio/Sparo_UG_-_Toxic__Official_Lyric_Video__508-507-2209.mp3 HTTP/1.1" 200 2539410
[11/Jun/2026 11:02:42] "GET /media/songs/audio/Sparo_UG_-_Toxic__Official_Lyric_Video__508-507-2209.mp3 HTTP/1.1" 200 2539410
[11/Jun/2026 11:02:46] "GET /media/songs/audio/Sparo_UG_-_Toxic__Official_Lyric_Video__508-507-2209.mp3 HTTP/1.1" 200 2539410
[11/Jun/2026 11:02:51,778] - Broken pipe from ('192.168.1.6', 44610)
[11/Jun/2026 11:02:52] "GET /media/songs/audio/Sparo_UG_-_Toxic__Official_Lyric_Video__508-507-2209.mp3 HTTP/1.1" 200 2539410
[11/Jun/2026 11:03:03] "GET /api/featured-songs/ HTTP/1.1" 200 6982
[11/Jun/2026 11:03:03] "GET /api/featured-artists/ HTTP/1.1" 200 2584
[11/Jun/2026 11:03:03] "GET /api/artists/ HTTP/1.1" 200 5526
[11/Jun/2026 11:03:03] "GET /api/songs/ HTTP/1.1" 200 42592
[11/Jun/2026 11:03:13] "GET /api/songs/ HTTP/1.1" 200 42592
[11/Jun/2026 11:03:23] "GET /media/songs/audio/Sparo_UG_-_Toxic__Official_Lyric_Video__508-507-2209.mp3 HTTP/1.1" 200 2539410
[11/Jun/2026 11:03:25] "GET /media/songs/audio/Sparo_UG_-_Toxic__Official_Lyric_Video__508-507-2209.mp3 HTTP/1.1" 200 2539410
[11/Jun/2026 11:03:27] "GET /media/songs/audio/Sparo_UG_-_Toxic__Official_Lyric_Video__508-507-2209.mp3 HTTP/1.1" 200 2539410
[11/Jun/2026 11:03:35] "GET /media/songs/audio/Sparo_UG_-_Toxic__Official_Lyric_Video__508-507-2209.mp3 HTTP/1.1" 200 2539410
[11/Jun/2026 11:06:05] "GET /media/songs/audio/Sparo_UG_-_Toxic__Official_Lyric_Video__508-507-2209.mp3 HTTP/1.1" 200 2539410
[11/Jun/2026 11:26:32] "GET /media/songs/audio/Sparo_UG_-_Toxic__Official_Lyric_Video__508-507-2209.mp3 HTTP/1.1" 200 2539410
[11/Jun/2026 11:42:22,637] - Broken pipe from ('192.168.1.6', 49022)
